/workspaces/Backend/src/main/java/com/niit/ecom/Config/SpringConfig.java
/workspaces/Backend/src/main/java/com/niit/ecom/backend/App.java
/workspaces/Backend/src/main/java/com/niit/ecom/dao/CartDAO.java
/workspaces/Backend/src/main/java/com/niit/ecom/dao/CartDAOImpl.java
/workspaces/Backend/src/main/java/com/niit/ecom/dao/CategoryDAO.java
/workspaces/Backend/src/main/java/com/niit/ecom/dao/CategoryDAOImpl.java
/workspaces/Backend/src/main/java/com/niit/ecom/dao/OrderDAO.java
/workspaces/Backend/src/main/java/com/niit/ecom/dao/OrderDAOImpl.java
/workspaces/Backend/src/main/java/com/niit/ecom/dao/ProductDAO.java
/workspaces/Backend/src/main/java/com/niit/ecom/dao/ProductDAOImpl.java
/workspaces/Backend/src/main/java/com/niit/ecom/dao/SupplierDAO.java
/workspaces/Backend/src/main/java/com/niit/ecom/dao/SupplierDAOImpl.java
/workspaces/Backend/src/main/java/com/niit/ecom/dao/UserDetailDAO.java
/workspaces/Backend/src/main/java/com/niit/ecom/dao/UserDetailDAOImpl.java
/workspaces/Backend/src/main/java/com/niit/ecom/model/Cart.java
/workspaces/Backend/src/main/java/com/niit/ecom/model/Category.java
/workspaces/Backend/src/main/java/com/niit/ecom/model/Order.java
/workspaces/Backend/src/main/java/com/niit/ecom/model/Product.java
/workspaces/Backend/src/main/java/com/niit/ecom/model/Supplier.java
/workspaces/Backend/src/main/java/com/niit/ecom/model/UserDetail.java
